\BOOKMARK [1][-]{section.1}{\376\377\147\201\173\200\200\314\146\157\377\032\116\072\116\300\116\110\211\201\137\025\121\145\226\220\205\317\162\266\140\001}{}% 1
\BOOKMARK [1][-]{section.2}{\376\377\150\070\137\303\220\073\217\221\377\032\137\252\163\257\220\350\122\006\122\060\136\225\127\050\136\162\116\300\116\110}{}% 2
\BOOKMARK [1][-]{section.3}{\376\377\142\212\116\013\123\112\220\350\122\006\121\154\137\017\142\306\137\000\167\013}{}% 3
\BOOKMARK [2][-]{subsection.3.1}{\376\377\173\054\116\000\134\102\377\032\153\317\116\052\173\046\123\367\122\006\122\053\146\057\116\300\116\110\141\017\140\035}{section.3}% 4
\BOOKMARK [2][-]{subsection.3.2}{\376\377\173\054\116\214\134\102\377\032\116\316\217\223\121\145\167\351\226\065\122\060\226\220\205\317\162\171\137\201\377\014\122\060\136\225\120\132\116\206\124\352\116\011\153\145}{section.3}% 5
\BOOKMARK [2][-]{subsection.3.3}{\376\377\173\054\116\011\134\102\377\032\116\316\226\220\205\317\162\171\137\201\122\060\217\223\121\372\377\014\123\310\127\050\120\132\116\300\116\110}{section.3}% 6
\BOOKMARK [2][-]{subsection.3.4}{\376\377\173\054\126\333\134\102\377\032\116\072\116\300\116\110\133\203\154\241\147\011\040\034\213\260\137\306\040\035}{section.3}% 7
\BOOKMARK [1][-]{section.4}{\376\377\121\167\117\123\150\027\133\120\377\032\142\212\145\164\116\052\122\115\231\210\155\101\172\013\116\343\142\020\145\160\133\127\167\013\116\000\220\115}{}% 8
\BOOKMARK [2][-]{subsection.4.1}{\376\377\121\110\173\227\226\220\205\317\134\102}{section.4}% 9
\BOOKMARK [2][-]{subsection.4.2}{\376\377\121\215\173\227\217\223\121\372\134\102}{section.4}% 10
\BOOKMARK [2][-]{subsection.4.3}{\376\377\116\072\116\300\116\110\217\331\134\061\211\343\221\312\116\206\000\040\000R\000N\000N\000\040\166\204\137\305\211\201\140\047}{section.4}% 11
\BOOKMARK [1][-]{section.5}{\376\377\126\360\140\321\136\246\377\032\213\355\212\000\152\041\127\213\122\060\136\225\147\011\131\032\040\034\142\377\116\015\121\306\040\035}{}% 12
\BOOKMARK [2][-]{subsection.5.1}{\376\377\116\072\116\300\116\110\117\032\227\000\211\201\126\360\140\321\136\246}{section.5}% 13
\BOOKMARK [2][-]{subsection.5.2}{\376\377\121\110\122\053\167\013\121\154\137\017\377\014\121\110\167\013\166\364\211\311}{section.5}% 14
\BOOKMARK [2][-]{subsection.5.3}{\376\377\121\154\137\017\122\060\136\225\127\050\120\132\116\300\116\110}{section.5}% 15
\BOOKMARK [2][-]{subsection.5.4}{\376\377\116\000\116\052\167\037\153\143\173\227\137\227\121\372\147\145\166\204\117\213\133\120}{section.5}% 16
\BOOKMARK [2][-]{subsection.5.5}{\376\377\121\215\167\013\116\000\116\052\135\356\152\041\127\213}{section.5}% 17
\BOOKMARK [2][-]{subsection.5.6}{\376\377\116\072\116\300\116\110\147\011\116\272\213\364\133\203\120\317\040\034\136\163\127\107\122\006\145\057\145\160\040\035}{section.5}% 18
\BOOKMARK [2][-]{subsection.5.7}{\376\377\147\201\172\357\140\305\121\265\147\000\200\375\213\364\146\016\225\356\230\230}{section.5}% 19
\BOOKMARK [2][-]{subsection.5.8}{\376\377\147\000\124\016\116\000\123\345\213\335\213\260\117\117\133\203}{section.5}% 20
\BOOKMARK [1][-]{section.6}{\376\377\220\032\217\307\145\366\225\364\123\315\124\021\117\040\144\255\377\032\213\357\135\356\146\057\140\016\150\067\154\277\145\366\225\364\120\022\167\100\117\040\126\336\123\273\166\204}{}% 21
\BOOKMARK [2][-]{subsection.6.1}{\376\377\116\072\116\300\116\110\146\156\220\032\123\315\124\021\117\040\144\255\127\050\217\331\221\314\116\015\131\037}{section.6}% 22
\BOOKMARK [2][-]{subsection.6.2}{\376\377\121\110\165\050\116\000\123\345\116\272\213\335\151\202\142\354\000\040\000B\000P\000T\000T}{section.6}% 23
\BOOKMARK [2][-]{subsection.6.3}{\376\377\236\321\166\322\211\306\211\322\377\032\000B\000P\000T\000T\000\040\122\060\136\225\120\132\124\352\121\340\153\145}{section.6}% 24
\BOOKMARK [2][-]{subsection.6.4}{\376\377\116\000\116\052\116\011\153\145\136\217\122\027\166\204\166\364\211\302\117\213\133\120}{section.6}% 25
\BOOKMARK [2][-]{subsection.6.5}{\376\377\116\072\116\300\116\110\126\376\221\314\117\032\121\372\163\260\220\022\143\250\154\102\133\374}{section.6}% 26
\BOOKMARK [2][-]{subsection.6.6}{\376\377\116\072\116\300\116\110\117\032\121\372\163\260\150\257\136\246\155\210\131\061\124\214\150\257\136\246\162\006\160\270}{section.6}% 27
\BOOKMARK [2][-]{subsection.6.7}{\376\377\116\072\116\300\116\110\133\236\215\365\221\314\136\070\213\364\000\040\000t\000r\000u\000n\000c\000a\000t\000i\000o\000n\000\040\124\214\000\040\000d\000e\000t\000a\000c\000h}{section.6}% 28
\BOOKMARK [2][-]{subsection.6.8}{\376\377\217\331\137\040\126\376\122\060\136\225\127\050\126\336\173\124\116\300\116\110\167\037\133\236\225\356\230\230}{section.6}% 29
\BOOKMARK [2][-]{subsection.6.9}{\376\377\121\110\142\212\142\052\126\376\221\314\166\204\121\372\127\072\133\371\214\141\177\373\213\321\142\020\116\272\213\335}{section.6}% 30
\BOOKMARK [2][-]{subsection.6.10}{\376\377\147\000\134\017\215\057\172\177\117\213\133\120\377\032\116\072\116\300\116\110\117\032\121\372\163\260\040\034\217\375\215\043\131\032\217\334\040\035\166\204\225\356\230\230}{section.6}% 31
\BOOKMARK [2][-]{subsection.6.11}{\376\377\116\012\123\112\220\350\122\006\377\032\116\011\171\315\173\126\165\145\122\060\136\225\127\050\136\162\116\300\116\110}{section.6}% 32
\BOOKMARK [2][-]{subsection.6.12}{\376\377\116\013\123\112\220\350\122\006\377\032\116\072\116\300\116\110\172\201\161\066\121\231\121\372\116\000\176\304\176\277\140\047\121\154\137\017}{section.6}% 33
\BOOKMARK [2][-]{subsection.6.13}{\376\377\121\215\167\013\000\040\0008\000.\0007\000.\0002\377\032\217\331\137\040\117\235\215\126\126\376\122\060\136\225\127\050\173\227\116\300\116\110}{section.6}% 34
\BOOKMARK [2][-]{subsection.6.14}{\376\377\142\212\145\164\137\040\126\376\123\213\142\020\116\000\123\345\147\000\167\355\166\204\213\335}{section.6}% 35
\BOOKMARK [2][-]{subsection.6.15}{\376\377\133\371\153\324\377\032\217\331\137\040\126\376\154\241\147\011\127\050\213\262\116\300\116\110}{section.6}% 36
\BOOKMARK [2][-]{subsection.6.16}{\376\377\147\000\124\016\116\000\123\345\213\335\213\260\117\117\000\040\000B\000P\000T\000T}{section.6}% 37
\BOOKMARK [1][-]{section.7}{\376\377\134\017\176\323}{}% 38
